boolean    char    byte    short    int           long                   float           double                    date                            uuid                                    igniteUUID                                          class               enum           object       
false      c          0        0             0                      0             0.0                       0.0    Thu Jan 01 00:00:00 GMT 1970    364eef57-54e7-4a0f-a48b-3becbc25517e    0c891f79471-2d5ec79e-b712-4c73-9111-3f80ab5e2893    java.lang.Object    PARTITIONED    null         
false      c        127    32767    2147483647    9223372036854775807    3.4028235E38    1.7976931348623157E308    Thu Jan 01 00:00:00 GMT 1970    364eef57-54e7-4a0f-a48b-3becbc25517e    0c891f79471-2d5ec79e-b712-4c73-9111-3f80ab5e2893    java.lang.Object    PARTITIONED    custom object