>>> Client reconnect example started.
>>> Server node started.
>>> Client node connected to the cluster.
>>> Put value with key: 0
>>> Put value with key: 1
>>> Put value with key: 2
>>> Put value with key: 3
Ignite node stopped OK [name=serverNode, uptime=*
>>> Server node stopped.
>>> Put value with key: 4
>>> Client disconnected from the cluster. Failed to put value with key: 4
>>> Restarting server node...
>>> Client reconnected to the cluster.
>>> Put value with key: 5
>>> Put value with key: 6
>>> Put value with key: 7
>>> Put value with key: 8
>>> Put value with key: 9
Ignite node stopped OK [name=serverNode, uptime=*
