>>> Cache data streamer example started.
Loaded 10000 accounts.
Loaded 20000 accounts.
Loaded 30000 accounts.
Loaded 40000 accounts.
Loaded 50000 accounts.
Loaded 60000 accounts.
Loaded 70000 accounts.
Loaded 80000 accounts.
Loaded 90000 accounts.
Loaded 100000 accounts.
Loaded 110000 accounts.
Loaded 120000 accounts.
Loaded 130000 accounts.
Loaded 140000 accounts.
Loaded 150000 accounts.
Loaded 160000 accounts.
Loaded 170000 accounts.
Loaded 180000 accounts.
Loaded 190000 accounts.
Loaded 200000 accounts.
Loaded 210000 accounts.
Loaded 220000 accounts.
Loaded 230000 accounts.
Loaded 240000 accounts.
Loaded 250000 accounts.
Loaded 260000 accounts.
Loaded 270000 accounts.
Loaded 280000 accounts.
Loaded 290000 accounts.
Loaded 300000 accounts.
Loaded 310000 accounts.
Loaded 320000 accounts.
Loaded 330000 accounts.
Loaded 340000 accounts.
Loaded 350000 accounts.
Loaded 360000 accounts.
Loaded 370000 accounts.
Loaded 380000 accounts.
Loaded 390000 accounts.
Loaded 400000 accounts.
Loaded 410000 accounts.
Loaded 420000 accounts.
Loaded 430000 accounts.
Loaded 440000 accounts.
Loaded 450000 accounts.
Loaded 460000 accounts.
Loaded 470000 accounts.
Loaded 480000 accounts.
Loaded 490000 accounts.
>>> Loaded 500000 accounts in *
