>>> Cache query DML example started.

>>> Inserted data
>>> 1: John Doe, ASF, 4000
>>> 2: Jane Roe, ASF, 5000
>>> 3: Mary Major, Eclipse, 2000
>>> 4: Richard Miles, Eclipse, 3000

>>> Update salary for ASF employees
>>> 1: John Doe, ASF, 4400
>>> 2: Jane Roe, ASF, 5500
>>> 3: Mary Major, Eclipse, 2000
>>> 4: Richard Miles, Eclipse, 3000

>>> Delete non-ASF employees
>>> 1: John Doe, ASF, 4400
>>> 2: Jane Roe, ASF, 5500
