>>> Cache EntryProcessor example started.

>>> Entries in cache:
CacheEntry [Key=1, Value=10]
CacheEntry [Key=2, Value=20]
CacheEntry [Key=3, Value=30]
CacheEntry [Key=4, Value=40]
CacheEntry [Key=5, Value=50]
CacheEntry [Key=6, Value=60]
CacheEntry [Key=7, Value=70]
CacheEntry [Key=8, Value=80]
CacheEntry [Key=9, Value=90]
CacheEntry [Key=10, Value=100]
CacheEntry [Key=11, Value=110]
CacheEntry [Key=12, Value=120]
CacheEntry [Key=13, Value=130]
CacheEntry [Key=14, Value=140]
CacheEntry [Key=15, Value=150]
CacheEntry [Key=16, Value=160]
CacheEntry [Key=17, Value=170]
CacheEntry [Key=18, Value=180]
CacheEntry [Key=19, Value=190]
CacheEntry [Key=20, Value=200]

>>> Entries in cache:
CacheEntry [Key=1, Value=15]
CacheEntry [Key=2, Value=25]
CacheEntry [Key=3, Value=35]
CacheEntry [Key=4, Value=45]
CacheEntry [Key=5, Value=55]
CacheEntry [Key=6, Value=65]
CacheEntry [Key=7, Value=75]
CacheEntry [Key=8, Value=85]
CacheEntry [Key=9, Value=95]
CacheEntry [Key=10, Value=105]
CacheEntry [Key=11, Value=115]
CacheEntry [Key=12, Value=125]
CacheEntry [Key=13, Value=135]
CacheEntry [Key=14, Value=145]
CacheEntry [Key=15, Value=155]
CacheEntry [Key=16, Value=165]
CacheEntry [Key=17, Value=175]
CacheEntry [Key=18, Value=185]
CacheEntry [Key=19, Value=195]
CacheEntry [Key=20, Value=205]
