>>> Ignite lifecycle event occurred: BeforeNodeStart
>>> Ignite name: not available
>>> Ignite lifecycle event occurred: AfterNodeStart
>>> Ignite name: lifecycle-example

>>> Started (should be true): True

>>> Ignite lifecycle event occurred: BeforeNodeStop
>>> Ignite name: lifecycle-example

>>> Ignite lifecycle event occurred: AfterNodeStop
>>> Ignite name: lifecycle-example
Ignite node stopped OK [name=lifecycle-example, uptime=*

>>> Started (should be false): False

>>> Example finished, press any key to exit ...
