>>> Optimistic transaction example started.

successfully incremented cached value.

failed to increment cached value. Caught an expected optimistic exception: Failed to prepare transaction*

>>> Resulting value in cache: 1
