>>> Optimistic transaction example started.

>>> Thread 1 successfully incremented cached value.

>>> Thread 2 failed to increment cached value. Caught an expected optimistic exception: Failed to prepare transaction

>>> Resulting value in cache: 1
