>>> Services example started.

>>> Map service size: 10
