>>> Transaction example started.

>>> Accounts before transfer:
>>>     Account [id=1, balance=100]
>>>     Account [id=2, balance=200]


>>> Transferring with Ignite transaction API...
>>> Transfer finished.

>>> Accounts after transfer:
>>>     Account [id=1, balance=200]
>>>     Account [id=2, balance=100]


>>> Accounts before transfer:
>>>     Account [id=1, balance=100]
>>>     Account [id=2, balance=200]


>>> Transferring with TransactionScope API...
>>> Transfer finished.

>>> Accounts after transfer:
>>>     Account [id=1, balance=200]
>>>     Account [id=2, balance=100]
